87391ccead1223d376cbc5261a42a163762f895d5c035430084b9e419b004174