8f1a61a35a40e968acfaf298403f8546f80d63597954a974a261d8aea1a715e7