07f80eaf2c6de2e019b64ecccae1dd45696427d6a6d05680e429785fa341e318