#,,,,,"generated_by='OpenQuake engine 3.8.0-gitc8d8cd129f', start_date='2019-11-21T14:14:58', checksum=372210909, investigation_time=None, risk_investigation_time=None"
asset_id,taxonomy,lon,lat,structural~mean,structural~stddev
"a1","RM",81.29850,29.10980,1.39968E+02,5.68871E+01
"a2","RC",83.08230,27.90060,2.03297E+02,2.39595E+02
"a4","W",85.74700,27.90000,0.00000E+00,0.00000E+00
"a3","W",85.74770,27.90150,2.52778E+02,2.68108E+02
