asset_id,taxonomy,lon,lat,no_damage,ds1,ds2,ds3,ds4
"a3","tax1",-122.57000,38.11300,9.99928E-01,6.15904E-05,1.32531E-06,-4.27817E-06,1.36632E-05
"a2","tax2",-122.11400,38.11300,9.95544E-01,2.27218E-03,1.42107E-03,5.17404E-04,2.45373E-04
"a5","tax1",-122.00000,37.91000,9.98451E-01,1.04900E-03,1.77190E-04,1.92011E-05,3.04059E-04
"a4","tax3",-122.00000,38.00000,9.95833E-01,1.54564E-03,1.87315E-03,4.97877E-04,2.49929E-04
"a1","tax1",-122.00000,38.11300,9.92517E-01,5.42274E-03,7.09969E-04,2.62121E-05,1.32433E-03
"a6","tax2",-122.00000,38.22500,9.93166E-01,3.15805E-03,2.27449E-03,9.30961E-04,4.70033E-04
"a7","tax1",-121.88600,38.11300,9.98199E-01,1.20784E-03,2.07368E-04,1.96434E-05,3.66458E-04
