asset_id,taxonomy,lon,lat,no_damage,ds1,ds2,ds3,ds4
"a3","tax1",-122.57000,38.11300,9.98336E-01,9.33714E-04,4.55381E-04,2.33982E-04,4.04774E-05
"a2","tax2",-122.11400,38.11300,9.91252E-01,6.01989E-03,2.23458E-03,4.12828E-04,8.11576E-05
"a5","tax1",-122.00000,37.91000,9.87572E-01,6.26854E-03,3.50434E-03,2.10315E-03,5.51748E-04
"a4","tax3",-122.00000,38.00000,9.95737E-01,1.86005E-03,1.96727E-03,3.19782E-04,1.15672E-04
"a1","tax1",-122.00000,38.11300,7.05290E-01,1.24755E-01,8.73438E-02,6.20366E-02,2.05745E-02
"a6","tax2",-122.00000,38.22500,9.94075E-01,3.32648E-03,1.76133E-03,5.82151E-04,2.54861E-04
"a7","tax1",-121.88600,38.11300,8.73176E-01,6.46992E-02,3.63586E-02,2.11062E-02,4.65982E-03
