asset_id,taxonomy,lon,lat,no_damage,ds1,ds2,ds3,ds4
"a3","tax1",-122.57000,38.11300,1.00000E+00,-1.12220E-10,-3.72001E-09,-3.93432E-08,4.31835E-08
"a2","tax2",-122.11400,38.11300,9.90902E-01,5.53985E-03,2.61097E-03,7.09681E-04,2.37684E-04
"a5","tax1",-122.00000,37.91000,9.99699E-01,2.54078E-04,5.87104E-06,-1.85805E-05,5.92005E-05
"a4","tax3",-122.00000,38.00000,9.94596E-01,2.05463E-03,2.47413E-03,6.01748E-04,2.73586E-04
"a1","tax1",-122.00000,38.11300,9.76729E-01,1.82647E-02,1.33591E-03,-6.60628E-04,4.33134E-03
"a6","tax2",-122.00000,38.22500,9.91921E-01,3.66158E-03,2.62731E-03,1.14573E-03,6.44255E-04
"a7","tax1",-121.88600,38.11300,9.99064E-01,7.83901E-04,2.66224E-05,-4.90944E-05,1.74307E-04
