asset_id,taxonomy,lon,lat,no_damage,ds1,ds2,ds3,ds4
"a3","tax1",-122.57000,38.11300,9.98308E-01,1.52723E-03,1.65115E-04,7.54484E-08,0.00000E+00
"a2","tax2",-122.11400,38.11300,9.80980E-01,1.22214E-02,4.07036E-03,1.75433E-03,9.73843E-04
"a5","tax1",-122.00000,37.91000,9.87519E-01,1.04560E-02,2.00400E-03,2.14408E-05,4.61905E-10
"a4","tax3",-122.00000,38.00000,9.93712E-01,2.73119E-04,4.71435E-03,7.82199E-04,5.18599E-04
"a1","tax1",-122.00000,38.11300,7.06593E-01,2.23790E-01,6.76529E-02,1.95049E-03,1.34908E-05
"a6","tax2",-122.00000,38.22500,9.89744E-01,5.90152E-03,2.32244E-03,1.14607E-03,8.85633E-04
"a7","tax1",-121.88600,38.11300,8.72266E-01,1.09724E-01,1.79466E-02,6.35018E-05,9.48372E-10
