UNKNOWN  ttyS0                         Fri Feb 14 02:06 - 02:06  (00:00)

btmp begins Fri Feb 14 02:06:41 2020
