/usr/bin:
[
aa-enabled
aa-exec
acpi_listen
add-apt-repository
addpart
addr2line
apport-bug
apport-cli
apport-collect
apport-unpack
apropos
apt
apt-add-repository
apt-cache
apt-cdrom
apt-config
apt-extracttemplates
apt-ftparchive
apt-get
apt-key
apt-mark
apt-sortpkgs
ar
arch
as
at
atq
atrm
automat-visualize3
awk
b2sum
base32
base64
basename
bashbug
batch
bc
bootctl
bsd-from
bsd-write
busctl
byobu
byobu-config
byobu-ctrl-a
byobu-disable
byobu-disable-prompt
byobu-enable
byobu-enable-prompt
byobu-export
byobu-janitor
byobu-keybindings
byobu-launch
byobu-launcher
byobu-launcher-install
byobu-launcher-uninstall
byobu-layout
byobu-prompt
byobu-quiet
byobu-reconnect-sockets
byobu-screen
byobu-select-backend
byobu-select-profile
byobu-select-session
byobu-shell
byobu-silent
byobu-status
byobu-status-detail
byobu-tmux
byobu-ugraph
byobu-ulevel
c++
c89
c89-gcc
c99
c99-gcc
cal
calendar
captoinfo
catchsegv
catman
cautious-launcher
cc
c++filt
cftp3
cgroupfs-mount
cgroupfs-umount
chacl
chage
chardet3
chardetect3
chattr
chcon
check-language-support
chfn
chrt
chsh
cifsiostat
ckbcomp
ckeygen3
cksum
clear
clear_console
cloud-id
cloud-init
cloud-init-per
cmp
codepage
col
col1
col2
col3
col4
col5
col6
col7
col8
col9
colcrt
colrm
column
comm
compose
conch3
containerd
containerd-shim
containerd-shim-runc-v1
containerd-stress
corelist
cpan
cpan5.26-x86_64-linux-gnu
cpp
cpp-7
c_rehash
crontab
csplit
ctail
ctr
ctstat
curl
cut
dbus-cleanup-sockets
dbus-daemon
dbus-monitor
dbus-run-session
dbus-send
dbus-update-activation-environment
dbus-uuidgen
deallocvt
debconf
debconf-apt-progress
debconf-communicate
debconf-copydb
debconf-escape
debconf-set-selections
debconf-show
deb-systemd-helper
deb-systemd-invoke
delpart
delv
dh_bash-completion
dh_pypy
dh_python3
diff
diff3
dig
dircolors
dirmngr
dirmngr-client
dirname
docker
dockerd
docker-init
docker-proxy
do-release-upgrade
dpkg
dpkg-architecture
dpkg-buildflags
dpkg-buildpackage
dpkg-checkbuilddeps
dpkg-deb
dpkg-distaddfile
dpkg-divert
dpkg-genbuildinfo
dpkg-genchanges
dpkg-gencontrol
dpkg-gensymbols
dpkg-maintscript-helper
dpkg-mergechangelogs
dpkg-name
dpkg-parsechangelog
dpkg-query
dpkg-scanpackages
dpkg-scansources
dpkg-shlibdeps
dpkg-source
dpkg-split
dpkg-statoverride
dpkg-trigger
dpkg-vendor
du
dumpkeys
dwp
eatmydata
ec2metadata
edit
editor
eject
elfedit
enc2xs
encguess
env
envsubst
eqn
ex
expand
expiry
expr
factor
faillog
faked-sysv
faked-tcp
fakeroot
fakeroot-sysv
fakeroot-tcp
fallocate
file
find
flock
fmt
fold
free
from
ftp
g++
g++-7
gawk
gcc
gcc-7
gcc-ar
gcc-ar-7
gcc-nm
gcc-nm-7
gcc-ranlib
gcc-ranlib-7
gcov
gcov-7
gcov-dump
gcov-dump-7
gcov-tool
gcov-tool-7
gencat
geqn
getconf
getent
getfacl
getkeycodes
getopt
gettext
gettext.sh
ginstall-info
git
git-receive-pack
git-shell
git-upload-archive
git-upload-pack
gold
gpasswd
gpg
gpg-agent
gpgconf
gpg-connect-agent
gpgparsemail
gpgsm
gpgsplit
gpgv
gpg-wks-server
gpg-zip
gpic
gprof
groff
grog
grops
grotty
groups
growpart
grub-editenv
grub-file
grub-fstest
grub-glue-efi
grub-kbdcomp
grub-menulst2cfg
grub-mkfont
grub-mkimage
grub-mklayout
grub-mknetdir
grub-mkpasswd-pbkdf2
grub-mkrelpath
grub-mkrescue
grub-mkstandalone
grub-mount
grub-ntldr-img
grub-render-label
grub-script-check
grub-syslinux2cfg
gtbl
h2ph
h2xs
hd
head
helpztags
hexdump
host
hostid
hostnamectl
htop
hwe-support-status
i386
iconv
id
igawk
info
infobrowser
infocmp
infotocap
install
install-info
instmodsh
ionice
iostat
ipcmk
ipcrm
ipcs
iptables-xml
ischroot
iscsiadm
join
jq
jsondiff
jsonpatch
jsonpointer
json_pp
jsonschema
kbdinfo
kbxutil
keep-one-running
kernel-install
keyring
killall
landscape-sysinfo
last
lastb
lastlog
lcf
ld
ld.bfd
ldd
ld.gold
less
lessecho
lessfile
lesskey
lesspipe
lexgrog
libnetcfg
link
linux32
linux64
linux-boot-prober
linux-check-removal
linux-update-symlinks
linux-version
lnstat
loadkeys
loadunimap
locale
locale-check
localectl
localedef
locate
logger
logname
look
lorder
lsattr
lsb_release
lscpu
lshw
lsinitramfs
lsipc
lslocks
lslogins
lsmem
lsns
lsof
lspci
lspgpot
lsusb
ltrace
lxc
lxcfs
lxd
lzcat
lzcmp
lzdiff
lzegrep
lzfgrep
lzgrep
lzless
lzma
lzmainfo
lzmore
make
make-first-existing-target
man
mandb
manifest
manpath
mapscrn
mawk
mcookie
md5sum
md5sum.textutils
mdig
mesg
migrate-pubring-from-classic-gpg
miniterm
mkfifo
mk_modmap
mksquashfs
mlocate
mpstat
mtr
mtrace
mtr-packet
namei
nawk
ncal
ncat
neqn
netkit-ftp
networkd-dispatcher
newgidmap
newgrp
newuidmap
NF
ngettext
nice
nl
nm
nmap
nohup
nping
nproc
nroff
nsenter
nslookup
nstat
nsupdate
ntfsdecrypt
numfmt
objcopy
objdump
od
on_ac_power
openssl
os-prober
pager
partx
passwd
paste
pastebinit
patch
pathchk
pbget
pbput
pbputs
pcimodules
pdb3
pdb3.6
peekfd
perl
perl5.26.1
perl5.26-x86_64-linux-gnu
perlbug
perldoc
perlivp
perlthanks
pftp
pgrep
pic
pico
piconv
pidstat
pigz
pinentry
pinentry-curses
pinky
pip3
pkaction
pkcheck
pkexec
pkill
pkttyagent
pl2pm
pldd
pmap
pod2html
pod2man
pod2text
pod2usage
podchecker
podselect
pollinate
pr
preconv
print
printenv
printerbanner
printf
prlimit
prove
prtstat
psfaddtable
psfgettable
psfstriptable
psfxtable
pslog
pstree
pstree.x11
ptar
ptardiff
ptargrep
ptx
purge-old-kernels
pwdx
py3clean
py3compile
py3versions
pybuild
pydoc3
pydoc3.6
pygettext3
pygettext3.6
pyhtmlizer3
pyjwt3
python3
python3.6
python3.6-config
python3.6m
python3.6m-config
python3-config
python3-jsondiff
python3-jsonpatch
python3-jsonpointer
python3-jsonschema
python3m
python3m-config
ranlib
rcp
rdma
readelf
realpath
rename.ul
renice
reset
resizecons
resizepart
rev
rgrep
rlogin
routef
routel
rpcgen
rsh
rsync
rtstat
runcon
run-mailcap
run-one
run-one-constantly
run-one-until-failure
run-one-until-success
run-this-one
rview
rvim
sadf
sar
sar.sysstat
savelog
scp
screen
screendump
script
scriptreplay
sdiff
see
select-editor
sensible-browser
sensible-editor
sensible-pager
seq
setarch
setfacl
setkeycodes
setleds
setlogcons
setmetamode
setpci
setsid
setterm
sftp
sg
sha1sum
sha224sum
sha256sum
sha384sum
sha512sum
shasum
showconsolefont
showkey
shred
shuf
size
skill
slabtop
slogin
slurm
snap
snapctl
snapfuse
snice
soelim
sort
sosreport
sotruss
splain
split
splitfont
sprof
ssh
ssh-add
ssh-agent
ssh-argv0
ssh-copy-id
ssh-import-id
ssh-import-id-gh
ssh-import-id-lp
ssh-keygen
ssh-keyscan
stat
stdbuf
strace
strace-log-merge
strings
strip
sudo
sudoedit
sudoreplay
sum
symcryptrun
systemd-analyze
systemd-cat
systemd-cgls
systemd-cgtop
systemd-delta
systemd-detect-virt
systemd-mount
systemd-path
systemd-resolve
systemd-run
systemd-socket-activate
systemd-stdio-bridge
systemd-umount
tabs
tac
tail
tapestat
taskset
tbl
tee
telnet
telnet.netkit
test
tic
time
timedatectl
timeout
tkconch3
tload
tmux
toe
top
touch
tput
tr
tracepath
traceroute6
traceroute6.iputils
trial3
troff
truncate
tset
tsort
tty
twist3
twistd3
tzselect
ua
ubuntu-advantage
ubuntu-bug
ubuntu-core-launcher
ubuntu-support-status
ucf
ucfq
ucfr
ul
unattended-upgrade
unattended-upgrades
unexpand
unicode_stop
uniq
unlink
unlzma
unmkinitramfs
unpigz
unshare
unsquashfs
unxz
update-alternatives
updatedb
updatedb.mlocate
update-mime-database
uptime
usb-devices
usbhid-dump
users
utmpdump
uuidgen
uuidparse
vcs-run
VGAuthService
vi
view
vigpg
vim
vim.basic
vimdiff
vim.tiny
vimtutor
vmhgfs-fuse
vmstat
vmtoolsd
vmware-checkvm
vmware-guestproxycerttool
vmware-hgfsclient
vmware-namespace-cmd
vmware-rpctool
vmware-toolbox-cmd
vmware-vgauth-cmd
vmware-vgauth-smoketest
vmware-vmblock-fuse
vmware-xferlogs
volname
w
wall
watch
watchgnupg
wc
wget
whatis
whereis
which
who
whoami
wifi-status
wmdocker
w.procps
write
x86_64
x86_64-linux-gnu-addr2line
x86_64-linux-gnu-ar
x86_64-linux-gnu-as
x86_64-linux-gnu-c++filt
x86_64-linux-gnu-cpp
x86_64-linux-gnu-cpp-7
x86_64-linux-gnu-dwp
x86_64-linux-gnu-elfedit
x86_64-linux-gnu-g++
x86_64-linux-gnu-g++-7
x86_64-linux-gnu-gcc
x86_64-linux-gnu-gcc-7
x86_64-linux-gnu-gcc-ar
x86_64-linux-gnu-gcc-ar-7
x86_64-linux-gnu-gcc-nm
x86_64-linux-gnu-gcc-nm-7
x86_64-linux-gnu-gcc-ranlib
x86_64-linux-gnu-gcc-ranlib-7
x86_64-linux-gnu-gcov
x86_64-linux-gnu-gcov-7
x86_64-linux-gnu-gcov-dump
x86_64-linux-gnu-gcov-dump-7
x86_64-linux-gnu-gcov-tool
x86_64-linux-gnu-gcov-tool-7
x86_64-linux-gnu-gold
x86_64-linux-gnu-gprof
x86_64-linux-gnu-ld
x86_64-linux-gnu-ld.bfd
x86_64-linux-gnu-ld.gold
x86_64-linux-gnu-nm
x86_64-linux-gnu-objcopy
x86_64-linux-gnu-objdump
x86_64-linux-gnu-python3.6-config
x86_64-linux-gnu-python3.6m-config
x86_64-linux-gnu-python3-config
x86_64-linux-gnu-python3m-config
x86_64-linux-gnu-ranlib
x86_64-linux-gnu-readelf
x86_64-linux-gnu-size
x86_64-linux-gnu-strings
x86_64-linux-gnu-strip
xargs
xauth
xdelta3
xdg-user-dir
xdg-user-dirs-update
xsubpp
xxd
xz
xzcat
xzcmp
xzdiff
xzegrep
xzfgrep
xzgrep
xzless
xzmore
yes
zdump
zipdetails

/usr/games:

/usr/include:
aio.h
aliases.h
alloca.h
argp.h
argz.h
ar.h
arpa
asm-generic
assert.h
btrfs
byteswap.h
c++
complex.h
cpio.h
crypt.h
ctype.h
dirent.h
dlfcn.h
drm
elf.h
endian.h
envz.h
err.h
errno.h
error.h
execinfo.h
expat_external.h
expat.h
fcntl.h
features.h
fenv.h
fmtmsg.h
fnmatch.h
fstab.h
fts.h
ftw.h
gawkapi.h
_G_config.h
gconv.h
getopt.h
glob.h
gnumake.h
gnu-versions.h
grp.h
gshadow.h
iconv.h
ifaddrs.h
inttypes.h
langinfo.h
lastlog.h
libgen.h
libintl.h
libio.h
limits.h
link.h
linux
locale.h
malloc.h
math.h
mcheck.h
memory.h
misc
mntent.h
monetary.h
mqueue.h
mtd
net
netash
netatalk
netax25
netdb.h
neteconet
netinet
netipx
netiucv
netpacket
netrom
netrose
nfs
nl_types.h
nss.h
obstack.h
paths.h
poll.h
printf.h
proc_service.h
protocols
pthread.h
pty.h
pwd.h
python3.6
python3.6m
rdma
re_comp.h
regex.h
regexp.h
reglib
resolv.h
rpc
rpcsvc
sched.h
scsi
search.h
semaphore.h
setjmp.h
sgtty.h
shadow.h
signal.h
sound
spawn.h
stab.h
stdc-predef.h
stdint.h
stdio_ext.h
stdio.h
stdlib.h
string.h
strings.h
stropts.h
sudo_plugin.h
syscall.h
sysexits.h
syslog.h
tar.h
termio.h
termios.h
tgmath.h
thread_db.h
time.h
ttyent.h
uchar.h
ucontext.h
ulimit.h
unistd.h
ustat.h
utime.h
utmp.h
utmpx.h
values.h
video
wait.h
wchar.h
wctype.h
wordexp.h
x86_64-linux-gnu
xen
xfs

/usr/lib:
accountsservice
apt
bfd-plugins
binfmt.d
byobu
cloud-init
cnf-update-db
command-not-found
compat-ld
dbus-1.0
dpkg
dracut
eject
environment.d
file
gcc
git-core
gnupg
gnupg2
gold-ld
groff
grub
grub-legacy
initcpio
initramfs-tools
kernel
klibc
language-selector
libDeployPkg.so.0
libDeployPkg.so.0.0.0
libguestlib.so.0
libguestlib.so.0.0.0
libhgfs.so.0
libhgfs.so.0.0.0
libvgauth.so.0
libvgauth.so.0.0.0
libvmtools.so.0
libvmtools.so.0.0.0
linux
linux-boot-probes
locale
lxcfs
lxd
man-db
mime
modules-load.d
networkd-dispatcher
openssh
open-vm-tools
os-prober
os-probes
os-release
pm-utils
policykit-1
python2.7
python3
python3.6
python3.7
rsyslog
sasl2
sftp-server
snapd
software-properties
ssl
sudo
sysctl.d
sysstat
systemd
sysusers.d
tar
tc
tmpfiles.d
ubuntu-fan
ubuntu-release-upgrader
update-notifier
valgrind
x86_64-linux-gnu

/usr/local:
bin
etc
games
include
lib
man
sbin
share
src

/usr/sbin:
aa-remove-unknown
aa-status
accessdb
acpid
addgnupghome
addgroup
add-shell
adduser
apparmor_status
applygnupgdefaults
arp
arpd
atd
bcache-super-show
biosdecode
chgpasswd
chmem
chpasswd
chroot
cpgr
cppw
cron
cryptdisks_start
cryptdisks_stop
delgroup
deluser
dmidecode
dnsmasq
dpkg-preconfigure
dpkg-reconfigure
e2freefrag
e4crypt
e4defrag
fanatic
fanctl
fdformat
filefrag
genl
groupadd
groupdel
groupmems
groupmod
grpck
grpconv
grpunconv
grub-bios-setup
grub-install
grub-macbless
grub-mkconfig
grub-mkdevicemap
grub-probe
grub-reboot
grub-set-default
grub-set-default-legacy-ec2
grub-set-default.real
iconvconfig
iftop
init.lxc
init.lxc.static
invoke-rc.d
ip6tables-apply
iptables-apply
irqbalance
irqbalance-ui
iscsid
iscsi_discovery
iscsi-iname
iscsistart
iucode_tool
iucode-tool
ldattach
locale-gen
logrotate
luksformat
make-bcache
mkinitramfs
mklost+found
netplan
newusers
nfnl_osf
nologin
overlayroot-chroot
ownership
pam-auth-update
pam_getenv
pam_timestamp_check
popcon-largest-unused
popularity-contest
pwck
pwconv
pwunconv
readprofile
recvtty
remove-shell
rmt
rmt-tar
rsyslogd
rtcwake
runc
service
setvesablank
sshd
tarcat
tcpdump
thermald
tzconfig
ufw
update-ca-certificates
update-grub
update-grub2
update-grub-gfxpayload
update-grub-legacy-ec2
update-info-dir
update-initramfs
update-locale
update-mime
update-passwd
update-pciids
update-rc.d
update-usbids
upgrade-from-grub-legacy
useradd
userdel
usermod
uuidd
validlocale
vcstime
vigr
vipw
visudo
vpddecode
xfs_admin
xfs_bmap
xfs_copy
xfs_db
xfs_estimate
xfs_freeze
xfs_fsr
xfs_growfs
xfs_info
xfs_io
xfs_logprint
xfs_mdrestore
xfs_metadump
xfs_mkfile
xfs_ncheck
xfs_quota
xfs_rtcp
zerofree
zic

/usr/share:
aclocal
adduser
applications
apport
awk
base-files
base-passwd
bash-completion
binfmts
bug
build-essential
byobu
ca-certificates
calendar
cmake
command-not-found
common-licenses
consolefonts
console-setup
consoletrans
cryptsetup
dbus-1
debconf
debhelper
debianutils
dh-python
dict
distro-info
dns
dnsmasq-base
doc
doc-base
docker.io
dpkg
file
gcc-8
gdb
GeoIP
gettext
git-core
gitweb
glib-2.0
gnupg
groff
grub
grub-gfxpayload-lists
hal
i18n
icons
info
initramfs-tools
iptables
iso-codes
java
keyrings
landscape
language-selector
language-support
language-tools
libc-bin
libdrm
libsensors4
lintian
locale
locales
lxc
lxcfs
man
man-db
mdadm
menu
mime
misc
nano
netplan
nmap
openssh
open-vm-tools
os-prober
package-data-downloads
pam
pam-configs
pastebin.d
perl
perl5
pixmaps
pkgconfig
plymouth
polkit-1
popularity-contest
publicsuffix
pyshared
python
python3
python-apt
python-wheels
readline
rsyslog
screen
sensible-utils
slurm
sosreport
systemd
tabset
terminfo
ubuntu-advantage-tools
ubuntu-release-upgrader
ufw
unattended-upgrades
update-notifier
vim
X11
xml
zoneinfo
zsh

/usr/src:
linux-headers-4.15.0-72
linux-headers-4.15.0-72-generic
linux-headers-4.15.0-76
linux-headers-4.15.0-76-generic
