a regular filename


this file has
a combination


of everything




this file has
a newline inside
this file has



four contiguous newlines inside
this file
has
six

newlines

within




this file starts with four newlines

this file starts with one newline
