asset_id,taxonomy,lon,lat,structural~no_damage_mean,structural~no_damage_stdv,structural~LS1_mean,structural~LS1_stdv,structural~LS2_mean,structural~LS2_stdv
"a2","RC",15.56000,38.17000,1.008900E+03,4.836635E+02,7.155000E+02,2.435749E+02,2.756000E+02,2.485845E+02
