#,,,,,,,,,,,,"generated_by='OpenQuake engine 3.9.0-git0399f54421', start_date='2020-03-23T08:02:08', checksum=1406686210, kind='mean', investigation_time=1.0, imt='PGA'"
lon,lat,depth,poe-0.0050000,poe-0.0097294,poe-0.0189324,poe-0.0368403,poe-0.0716871,poe-0.1394951,poe-0.2714418,poe-0.5281952,poe-1.0278085,poe-2.0000000
-180.00000,-27.00000,0.00000,9.891915E-05,4.053225E-05,1.322343E-05,3.316822E-06,6.183006E-07,7.213279E-08,3.464359E-09,5.185674E-12,0.000000E+00,0.000000E+00
-178.00000,-28.00000,0.00000,3.780986E-01,2.667845E-01,1.546212E-01,6.994447E-02,2.374936E-02,5.759016E-03,8.817064E-04,7.058436E-05,1.807009E-06,0.000000E+00
179.00000,-26.00000,0.00000,1.578244E-04,6.186689E-05,1.922971E-05,4.812746E-06,9.559266E-07,1.392936E-07,1.173531E-08,3.314861E-10,0.000000E+00,0.000000E+00
-180.00000,-30.00000,0.00000,2.334657E-01,1.317052E-01,5.955143E-02,2.031636E-02,4.453112E-03,5.407297E-04,3.164441E-05,5.666828E-07,0.000000E+00,0.000000E+00
-180.00000,-28.00000,0.00000,7.222506E-02,3.249341E-02,1.132992E-02,2.914737E-03,4.611693E-04,2.936048E-05,2.633653E-08,0.000000E+00,0.000000E+00,0.000000E+00
