#,,,,,,,,,"generated_by='OpenQuake engine 3.9.0-gite5250ba032', start_date='2020-04-08T15:03:31', checksum=2320426248, investigation_time=1.0, ses_per_logic_tree_path=50"
rup_id,multiplicity,mag,centroid_lon,centroid_lat,centroid_depth,trt,strike,dip,rake
0,294,4.500000E+00,5.000000E-01,5.191449E-11,4.000000E+00,active shallow crust,0.000000E+00,9.000000E+01,0.000000E+00
1,180,4.500000E+00,5.000000E-01,5.000000E-01,4.000000E+00,active shallow crust,0.000000E+00,9.000000E+01,0.000000E+00
2,319,4.000000E+00,1.000000E-01,9.231845E-12,4.000000E+00,active shallow crust,0.000000E+00,9.000000E+01,0.000000E+00
3,313,4.000000E+00,1.000000E-01,9.231845E-12,4.000000E+00,active shallow crust,0.000000E+00,9.000000E+01,0.000000E+00
4,315,4.000000E+00,1.100000E+00,9.231845E-12,4.000000E+00,active shallow crust,0.000000E+00,9.000000E+01,0.000000E+00
5,287,4.000000E+00,1.100000E+00,9.231845E-12,4.000000E+00,active shallow crust,0.000000E+00,9.000000E+01,0.000000E+00
