asset_id,taxonomy,lon,lat,no_damage,slight,moderate,extreme,complete
"a3","Concrete",-122.57000,38.11300,9.71546E-01,1.67446E-02,9.34445E-03,1.96058E-03,4.04308E-04
"a2","Wood",-122.11400,38.11300,1.52571E-01,1.01933E-01,1.99834E-01,1.91391E-01,3.54271E-01
"a5","Steel",-122.00000,37.91000,6.72340E-01,2.12566E-01,7.82905E-02,2.88630E-02,7.94002E-03
"a4","Concrete",-122.00000,38.00000,1.84879E-01,1.72505E-01,2.76595E-01,1.85610E-01,1.80411E-01
"a1","Wood",-122.00000,38.11300,5.84104E-02,3.95174E-02,9.74669E-02,1.33467E-01,6.71139E-01
"a7","Steel",-121.88600,38.11300,4.85137E-01,2.94355E-01,1.39597E-01,6.08627E-02,2.00488E-02
