
; <<>> DiG 9.10.6 <<>> www.google.com AAAA
;; global options: +cmd
;; Got answer:
;; ->>HEADER<<- opcode: QUERY, status: NOERROR, id: 41369
;; flags: qr rd ra; QUERY: 1, ANSWER: 1, AUTHORITY: 0, ADDITIONAL: 1

;; OPT PSEUDOSECTION:
; EDNS: version: 0, flags:; udp: 4096
;; QUESTION SECTION:
;www.google.com.			IN	AAAA

;; ANSWER SECTION:
www.google.com.		197	IN	AAAA	2607:f8b0:4000:817::2004

;; Query time: 30 msec
;; SERVER: 2600:1700:bab0:d40::1#53(2600:1700:bab0:d40::1)
;; WHEN: Wed Dec 11 16:57:37 PST 2019
;; MSG SIZE  rcvd: 71

