uid=501(kbrazil) gid=20(staff) groups=20(staff),501(access_bpf),12(everyone),61(localaccounts),79(_appserverusr),80(admin),81(_appserveradm),98(_lpadmin),703(com.apple.sharepoint.group.3),701(com.apple.sharepoint.group.1),702(com.apple.sharepoint.group.2),33(_appstore),100(_lpoperator),204(_developer),250(_analyticsusers),395(com.apple.access_ftp),398(com.apple.access_screensharing)
