asset_id,taxonomy,lon,lat,contents~no_damage_mean,contents~no_damage_stdv,contents~ds1_mean,contents~ds1_stdv,contents~ds2_mean,contents~ds2_stdv,contents~ds3_mean,contents~ds3_stdv,contents~ds4_mean,contents~ds4_stdv,nonstructural~no_damage_mean,nonstructural~no_damage_stdv,nonstructural~ds1_mean,nonstructural~ds1_stdv,nonstructural~ds2_mean,nonstructural~ds2_stdv,nonstructural~ds3_mean,nonstructural~ds3_stdv,nonstructural~ds4_mean,nonstructural~ds4_stdv,structural~no_damage_mean,structural~no_damage_stdv,structural~ds1_mean,structural~ds1_stdv,structural~ds2_mean,structural~ds2_stdv,structural~ds3_mean,structural~ds3_stdv,structural~ds4_mean,structural~ds4_stdv
"a1","tax1",-122.00000,38.11300,1.200000E-01,3.265986E-01,2.200000E-01,4.163332E-01,2.400000E-01,4.292347E-01,1.700000E-01,3.775252E-01,2.500000E-01,4.351941E-01,2.100000E-01,4.093602E-01,2.700000E-01,4.461960E-01,3.600000E-01,4.824181E-01,1.600000E-01,3.684529E-01,0.000000E+00,0.000000E+00,4.600000E-01,5.009083E-01,2.700000E-01,4.461960E-01,1.100000E-01,3.144660E-01,7.000000E-02,2.564324E-01,9.000000E-02,2.876235E-01
