           system boot  2020-02-29 12:13
LOGIN      tty1         2020-02-29 12:13               841 id=tty1
kbrazil  + ttyS0        2020-02-29 12:14   .           840
           run-level 3  2020-02-29 12:13
kbrazil  + pts/0        2020-02-29 18:43 00:11        3709 (192.168.71.1)
           pts/1        2020-02-29 18:28              3381 id=ts/1  term=0 exit=0
