asset_id,taxonomy,lon,lat,no_damage,slight,moderate,extreme,complete
"a3","Concrete",-122.57000,38.11300,8.32015E-01,9.31474E-02,5.78450E-02,1.35666E-02,3.42606E-03
"a2","Wood",-122.11400,38.11300,1.52571E-01,1.01933E-01,1.99834E-01,1.91391E-01,3.54271E-01
"a5","Steel",-122.00000,37.91000,6.49501E-01,2.04325E-01,8.88558E-02,3.86391E-02,1.86793E-02
"a4","Concrete",-122.00000,38.00000,1.05073E-01,1.05641E-01,2.25393E-01,2.19243E-01,3.44651E-01
"a1","Wood",-122.00000,38.11300,5.84104E-02,3.95174E-02,9.74669E-02,1.33467E-01,6.71139E-01
"a7","Steel",-121.88600,38.11300,4.93783E-01,2.63688E-01,1.38633E-01,6.73388E-02,3.65574E-02
