     remote           refid      st t when poll reach   delay   offset  jitter
==============================================================================
 44.190.6.254    127.67.113.92    2 u    1   64    1   23.399   -2.805   2.131
 ntp.wdc1.us.lea 130.133.1.10     2 u    -   64    1   93.053   -0.807   2.839
 clock.team-cymr 204.9.54.119     2 u    -   64    1   70.337   -2.909   2.600
 mirror1.sjc02.s 216.218.254.202  2 u    2   64    1   29.325    1.044   4.069
