root:$6$27lBiByDWdiM7lvJ$ulWkJyfKNbqDnrIKPLhUCGanKcS5TdY3ZasKMR/v2dl0mHn0s28LcxTXMqqOV0d6tww0U4gmgYZezgAf/F8Pz.::0:99999:7:::
bin:*:17834:0:99999:7:::
daemon:*:17834:0:99999:7:::
adm:*:17834:0:99999:7:::
lp:*:17834:0:99999:7:::
sync:*:17834:0:99999:7:::
shutdown:*:17834:0:99999:7:::
halt:*:17834:0:99999:7:::
mail:*:17834:0:99999:7:::
operator:*:17834:0:99999:7:::
games:*:17834:0:99999:7:::
ftp:*:17834:0:99999:7:::
nobody:*:17834:0:99999:7:::
systemd-network:!!:18123::::::
dbus:!!:18123::::::
polkitd:!!:18123::::::
sshd:!!:18123::::::
postfix:!!:18123::::::
chrony:!!:18123::::::
joeuser:$6$sR1OEFM1KVuMeBUt$NhanSmm91.BspCYlMtrjYhc71FElgaCP7uSUAwhtQVFGcYa7.8VPMmRce77yS8FLy6XSYBtcCeZCJhnLOicc/.::0:99999:7:::
dockerroot:!!:18123::::::
