ID_FS_SYSTEM_ID=Mac OS X
ID_FS_APPLICATION_ID=MKISOFS ISO9660/HFS/UDF FILESYSTEM BUILDER & CDRECORD CD/DVD/BluRay CREATOR (C) 1993 E.YOUNGDALE (C) 1997 J.PEARSON/J.SCHILLING
ID_FS_UUID=2019-08-12-10-17-03-63
ID_FS_UUID_ENC=2019-08-12-10-17-03-63
ID_FS_BOOT_SYSTEM_ID=EL TORITO SPECIFICATION
ID_FS_LABEL=CDROM
ID_FS_LABEL_ENC=CDROM
ID_FS_TYPE=iso9660
ID_FS_USAGE=filesystem
ID_IOLIMIT_MINIMUM_IO_SIZE=2048
ID_IOLIMIT_PHYSICAL_SECTOR_SIZE=2048
ID_IOLIMIT_LOGICAL_SECTOR_SIZE=2048
