NAME   MAJ:MIN RM  SIZE RO TYPE MOUNTPOINT
fd0      2:0    1  1.4M  0 disk 
loop0    7:0    0 54.5M  1 loop /snap/core18/1223
loop1    7:1    0   11M  1 loop /snap/slcli/383
loop2    7:2    0 88.7M  1 loop /snap/core/7396
loop3    7:3    0 66.5M  1 loop /snap/google-cloud-sdk/103
loop4    7:4    0 66.5M  1 loop /snap/google-cloud-sdk/104
loop5    7:5    0 54.4M  1 loop /snap/core18/1074
loop7    7:7    0  8.6M  1 loop /snap/doctl/187
loop8    7:8    0  3.1M  1 loop /snap/stress-ng/847
loop9    7:9    0  8.6M  1 loop /snap/doctl/215
loop10   7:10   0 89.1M  1 loop /snap/core/7917
loop11   7:11   0  3.2M  1 loop /snap/stress-ng/924
sda      8:0    0   20G  0 disk 
├─sda1   8:1    0    1M  0 part 
└─sda2   8:2    0   20G  0 part /
sr0     11:0    1 64.8M  0 rom  
sr1     11:1    1  848M  0 rom  
