 19:43:06 up 2 days, 19:32,  2 users,  load average: 0.00, 0.00, 0.00
