asset_id,taxonomy,lon,lat,no_damage,ds1,ds2,ds3,ds4
"a3","tax1",-122.57000,38.11300,9.99216E-01,4.51187E-04,2.11868E-04,1.04479E-04,1.62395E-05
"a2","tax2",-122.11400,38.11300,9.88728E-01,7.22329E-03,3.10934E-03,7.33784E-04,2.06033E-04
"a5","tax1",-122.00000,37.91000,9.85172E-01,6.93346E-03,4.21769E-03,2.77309E-03,9.03654E-04
"a4","tax3",-122.00000,38.00000,9.93358E-01,2.65996E-03,3.04807E-03,6.56091E-04,2.78198E-04
"a1","tax1",-122.00000,38.11300,7.04142E-01,1.24277E-01,8.73336E-02,6.25144E-02,2.17329E-02
"a6","tax2",-122.00000,38.22500,9.91182E-01,4.35537E-03,2.76072E-03,1.10566E-03,5.96571E-04
"a7","tax1",-121.88600,38.11300,8.68900E-01,6.53475E-02,3.76089E-02,2.25571E-02,5.58678E-03
