asset_id,taxonomy,lon,lat,no_damage,ds1,ds2,ds3,ds4
"a3","tax1",-122.57000,38.11300,9.96997E-01,1.34565E-03,8.65050E-04,5.92617E-04,1.99750E-04
"a2","tax2",-122.11400,38.11300,9.93130E-01,3.24482E-03,2.26540E-03,9.04366E-04,4.55750E-04
"a5","tax1",-122.00000,37.91000,9.83914E-01,6.38701E-03,4.51103E-03,3.47206E-03,1.71618E-03
"a4","tax3",-122.00000,38.00000,9.91817E-01,3.00522E-03,3.75865E-03,9.81926E-04,4.37700E-04
"a1","tax1",-122.00000,38.11300,9.68015E-01,8.29647E-03,8.33794E-03,8.52688E-03,6.82401E-03
"a6","tax2",-122.00000,38.22500,9.90835E-01,3.94647E-03,3.09138E-03,1.36988E-03,7.56924E-04
"a7","tax1",-121.88600,38.11300,9.76473E-01,8.58550E-03,6.60707E-03,5.41105E-03,2.92361E-03
