asset_id,taxonomy,lon,lat,no_damage,ds1,ds2,ds3,ds4
"a3","tax1",-122.57000,38.11300,1.00000E+00,-1.12220E-10,-3.72001E-09,-3.93432E-08,4.31835E-08
"a2","tax2",-122.11400,38.11300,9.84566E-01,9.79122E-03,4.30476E-03,1.03786E-03,3.00333E-04
"a5","tax1",-122.00000,37.91000,9.99699E-01,2.54078E-04,5.87088E-06,-1.85935E-05,5.92137E-05
"a4","tax3",-122.00000,38.00000,9.94578E-01,2.06535E-03,2.48172E-03,6.01758E-04,2.73587E-04
"a1","tax1",-122.00000,38.11300,9.90157E-01,7.10815E-03,8.31241E-04,-1.91419E-04,2.09501E-03
"a6","tax2",-122.00000,38.22500,9.89885E-01,5.19161E-03,3.07008E-03,1.20253E-03,6.50905E-04
"a7","tax1",-121.88600,38.11300,9.99054E-01,7.91824E-04,1.96952E-05,-7.41318E-05,2.08750E-04
