asset_id,taxonomy,lon,lat,no_damage,ds1,ds2,ds3,ds4
"a3","tax1",-122.57000,38.11300,9.99199E-01,7.33456E-04,6.74225E-05,6.75265E-09,0.00000E+00
"a2","tax2",-122.11400,38.11300,9.88851E-01,6.50026E-03,2.56411E-03,1.22766E-03,8.56713E-04
"a5","tax1",-122.00000,37.91000,9.87281E-01,9.72899E-03,2.91979E-03,7.04315E-05,7.50942E-09
"a4","tax3",-122.00000,38.00000,9.93212E-01,7.80834E-04,3.98661E-03,1.11779E-03,9.02948E-04
"a1","tax1",-122.00000,38.11300,6.34721E-01,2.45203E-01,1.14137E-01,5.89648E-03,4.20145E-05
"a6","tax2",-122.00000,38.22500,9.90887E-01,3.98392E-03,2.34791E-03,1.37751E-03,1.40351E-03
"a7","tax1",-121.88600,38.11300,9.35549E-01,5.37474E-02,1.04887E-02,2.14803E-04,3.04646E-08
