asset_id,taxonomy,lon,lat,no_damage,ds1,ds2,ds3,ds4
"a3","tax1",-122.57000,38.11300,9.96131E-01,3.07741E-03,7.80244E-04,1.09976E-05,7.24099E-12
"a2","tax2",-122.11400,38.11300,9.94419E-01,2.59171E-03,1.40395E-03,7.97468E-04,7.88208E-04
"a5","tax1",-122.00000,37.91000,9.86418E-01,9.64976E-03,3.51560E-03,4.12392E-04,3.77240E-06
"a4","tax3",-122.00000,38.00000,9.93779E-01,7.61648E-04,3.53627E-03,1.05365E-03,8.69543E-04
"a1","tax1",-122.00000,38.11300,9.70329E-01,1.49418E-02,1.25843E-02,2.12156E-03,2.34101E-05
"a6","tax2",-122.00000,38.22500,9.92478E-01,3.32204E-03,1.96947E-03,1.13472E-03,1.09544E-03
"a7","tax1",-121.88600,38.11300,9.81476E-01,1.29060E-02,4.89862E-03,7.07117E-04,1.25824E-05
