#,,,,,"generated_by='OpenQuake engine 3.8.0-git57343152bb', start_date='2019-10-03T05:19:45', checksum=1496028179, kind='rlz-002', investigation_time=1000.0, imt='PGA'"
lon,lat,depth,poe-0.1000000,poe-0.4000000,poe-0.6000000
0.00000,0.00000,0.00000,2.761214E-01,3.543563E-02,1.143429E-02
