asset_id,taxonomy,lon,lat,no_damage,slight,moderate,extreme,complete
"a1","Wood",-122.00000,38.11300,9.71983E-01,5.03361E-03,6.77284E-03,5.13775E-03,1.10731E-02
