#,,,,,,,,,,,,"generated_by='OpenQuake engine 3.9.0-git93fe51638e', start_date='2020-03-29T09:12:31', checksum=1310411673, kind='mean', investigation_time=50.0, imt='SA(0.1)'"
lon,lat,depth,poe-0.0001000,poe-0.0010000,poe-0.0100000,poe-0.0500000,poe-0.1000000,poe-0.1500000,poe-0.2000000,poe-0.3000000,poe-0.5000000,poe-0.8000000
-0.10000,0.00000,0.00000,6.559523E-01,6.559523E-01,6.559503E-01,6.466785E-01,6.130496E-01,5.721585E-01,5.293986E-01,4.426240E-01,2.882122E-01,1.403874E-01
0.00000,0.00000,0.00000,6.559523E-01,6.559523E-01,6.559523E-01,6.514710E-01,6.238566E-01,5.822443E-01,5.357451E-01,4.396848E-01,2.703827E-01,1.190089E-01
0.10000,0.00000,0.00000,6.559523E-01,6.559523E-01,6.559523E-01,6.418385E-01,5.922443E-01,5.434249E-01,5.024345E-01,4.319592E-01,3.095381E-01,1.857803E-01
