#,,,,,,,"generated_by='OpenQuake engine 3.9.0-gitb9e2f04ebe', start_date='2020-03-30T06:07:52', checksum=2140098219, kind='max', investigation_time=50.0"
lon,lat,0.01~PGA,0.01~SA(0.1),0.1~PGA,0.1~SA(0.1),0.2~PGA,0.2~SA(0.1)
-0.10000,0.00000,8.000000E-01,8.000000E-01,5.720294E-01,8.000000E-01,4.453239E-01,8.000000E-01
0.00000,0.00000,8.000000E-01,8.000000E-01,5.779440E-01,8.000000E-01,4.469286E-01,8.000000E-01
0.10000,0.00000,8.000000E-01,8.000000E-01,8.000000E-01,8.000000E-01,8.000000E-01,8.000000E-01
